✖ getVisibleImageIndices keeps only the active image plus immediate neighbors (5.7084ms)
ℹ tests 1
ℹ suites 0
ℹ pass 0
ℹ fail 1
ℹ cancelled 0
ℹ skipped 0
ℹ todo 0
ℹ duration_ms 306.6314

✖ failing tests:

test at src\lib\carousel.test.ts:2:940
✖ getVisibleImageIndices keeps only the active image plus immediate neighbors (5.7084ms)
  AssertionError [ERR_ASSERTION]: Expected values to be strictly deep-equal:
  + actual - expected
  
    [
  -   1,
      2,
      3,
  +   1
    ]
  
      at TestContext.<anonymous> (C:\Users\USER\Downloads\autobridge-kenya-web\src\lib\carousel.test.ts:8:10)
      at Test.runInAsyncScope (node:async_hooks:227:14)
      at Test.run (node:internal/test_runner/test:1325:25)
      at Test.start (node:internal/test_runner/test:1191:17)
      at startSubtestAfterBootstrap (node:internal/test_runner/harness:385:17) {
    generatedMessage: true,
    code: 'ERR_ASSERTION',
    actual: [ 2, 3, 1 ],
    expected: [ 1, 2, 3 ],
    operator: 'deepStrictEqual',
    diff: 'simple'
  }
